[0m14:55:40.188196 [debug] [MainThread]: Sending event: {'category': 'dbt', 'action': 'invocation', 'label': 'start', 'context': [<snowplow_tracker.self_describing_json.SelfDescribingJson object at 0x000001E69367DD30>, <snowplow_tracker.self_describing_json.SelfDescribingJson object at 0x000001E696260CD0>, <snowplow_tracker.self_describing_json.SelfDescribingJson object at 0x000001E696260B90>]}


============================== 14:55:40.194123 | 59d5919f-5759-4bf5-af28-8ff2ee38ba88 ==============================
[0m14:55:40.194123 [info ] [MainThread]: Running with dbt=1.8.9
[0m14:55:40.194593 [debug] [MainThread]: running dbt with arguments {'printer_width': '80', 'indirect_selection': 'eager', 'write_json': 'True', 'log_cache_events': 'False', 'partial_parse': 'True', 'cache_selected_only': 'False', 'profiles_dir': 'C:\\Users\\User\\.dbt', 'debug': 'False', 'fail_fast': 'False', 'log_path': 'logs', 'version_check': 'True', 'warn_error': 'None', 'use_colors': 'True', 'use_experimental_parser': 'False', 'empty': 'None', 'quiet': 'False', 'no_print': 'None', 'log_format': 'default', 'invocation_command': 'dbt init', 'introspect': 'True', 'static_parser': 'True', 'target_path': 'None', 'warn_error_options': 'WarnErrorOptions(include=[], exclude=[])', 'send_anonymous_usage_stats': 'True'}
[0m14:55:40.201488 [warn ] [MainThread]: [ConfigFolderDirectory]: Unable to parse logging event dictionary. Failed to parse dir field: expected string or bytes-like object, got 'WindowsPath'.. Dictionary: {'dir': WindowsPath('C:/Users/User/.dbt')}
[0m14:55:40.201810 [info ] [MainThread]: Creating dbt configuration folder at 
[0m14:56:24.872623 [debug] [MainThread]: Starter project path: C:\Users\User\AppData\Local\Programs\Python\Python313\Lib\site-packages\dbt\include\starter_project
[0m14:56:24.879366 [info ] [MainThread]: 
Your new dbt project "homework4" was created!

For more information on how to configure the profiles.yml file,
please consult the dbt documentation here:

  https://docs.getdbt.com/docs/configure-your-profile

One more thing:

Need help? Don't hesitate to reach out to us via GitHub issues or on Slack:

  https://community.getdbt.com/

Happy modeling!

[0m14:56:24.879790 [info ] [MainThread]: Setting up your profile.
[0m15:07:55.001812 [info ] [MainThread]: Profile homework4 written to C:\Users\User\.dbt\profiles.yml using target's profile_template.yml and your supplied values. Run 'dbt debug' to validate the connection.
[0m15:07:55.002675 [debug] [MainThread]: Command `dbt init` succeeded at 15:07:55.002590 after 734.87 seconds
[0m15:07:55.002900 [debug] [MainThread]: Sending event: {'category': 'dbt', 'action': 'invocation', 'label': 'end', 'context': [<snowplow_tracker.self_describing_json.SelfDescribingJson object at 0x000001E6985C7360>, <snowplow_tracker.self_describing_json.SelfDescribingJson object at 0x000001E696464050>, <snowplow_tracker.self_describing_json.SelfDescribingJson object at 0x000001E695039BF0>]}
[0m15:07:55.003137 [debug] [MainThread]: Flushing usage events
[0m15:08:57.403375 [debug] [MainThread]: Sending event: {'category': 'dbt', 'action': 'invocation', 'label': 'start', 'context': [<snowplow_tracker.self_describing_json.SelfDescribingJson object at 0x0000027CB0685BE0>, <snowplow_tracker.self_describing_json.SelfDescribingJson object at 0x0000027CB325CA50>, <snowplow_tracker.self_describing_json.SelfDescribingJson object at 0x0000027CB325C910>]}


============================== 15:08:57.405959 | 2319d66e-73a7-4f39-a035-abf3c66ab413 ==============================
[0m15:08:57.405959 [info ] [MainThread]: Running with dbt=1.8.9
[0m15:08:57.406450 [debug] [MainThread]: running dbt with arguments {'printer_width': '80', 'indirect_selection': 'eager', 'log_cache_events': 'False', 'write_json': 'True', 'partial_parse': 'True', 'cache_selected_only': 'False', 'warn_error': 'None', 'debug': 'False', 'fail_fast': 'False', 'log_path': 'logs', 'profiles_dir': 'C:\\Users\\User\\.dbt', 'version_check': 'True', 'use_colors': 'True', 'use_experimental_parser': 'False', 'empty': 'None', 'quiet': 'False', 'no_print': 'None', 'warn_error_options': 'WarnErrorOptions(include=[], exclude=[])', 'static_parser': 'True', 'log_format': 'default', 'introspect': 'True', 'target_path': 'None', 'invocation_command': 'dbt debug', 'send_anonymous_usage_stats': 'True'}
[0m15:08:57.413441 [info ] [MainThread]: dbt version: 1.8.9
[0m15:08:57.413731 [info ] [MainThread]: python version: 3.13.7
[0m15:08:57.414003 [info ] [MainThread]: python path: C:\Users\User\AppData\Local\Programs\Python\Python313\python.exe
[0m15:08:57.414255 [info ] [MainThread]: os info: Windows-11-10.0.26100-SP0
[0m15:08:57.615397 [info ] [MainThread]: Using profiles dir at C:\Users\User\.dbt
[0m15:08:57.615824 [info ] [MainThread]: Using profiles.yml file at C:\Users\User\.dbt\profiles.yml
[0m15:08:57.616137 [info ] [MainThread]: Using dbt_project.yml file at C:\Users\User\OneDrive\Документи\GitHub\r_d\dbt_project.yml
[0m15:08:57.616805 [info ] [MainThread]: adapter type: snowflake
[0m15:08:57.617098 [info ] [MainThread]: adapter version: 1.8.4
[0m15:08:57.617313 [info ] [MainThread]: Configuration:
[0m15:08:57.617519 [info ] [MainThread]:   profiles.yml file [[32mOK found and valid[0m]
[0m15:08:57.617739 [info ] [MainThread]:   dbt_project.yml file [[31mERROR not found[0m]
[0m15:08:57.617961 [info ] [MainThread]: Required dependencies:
[0m15:08:57.618175 [debug] [MainThread]: Executing "git --help"
[0m15:08:57.619811 [info ] [MainThread]:  - git [[31mERROR[0m]

[0m15:08:57.620085 [info ] [MainThread]: Connection:
[0m15:08:57.620284 [info ] [MainThread]:   account: ERMPSJB-AE99620
[0m15:08:57.620481 [info ] [MainThread]:   user: VLADYSLAVYASKOV
[0m15:08:57.620669 [info ] [MainThread]:   database: VYASKOV_HW3
[0m15:08:57.620851 [info ] [MainThread]:   warehouse: HW3_WH
[0m15:08:57.621113 [info ] [MainThread]:   role: SYSADMIN
[0m15:08:57.621444 [info ] [MainThread]:   schema: HW4
[0m15:08:57.621746 [info ] [MainThread]:   authenticator: None
[0m15:08:57.622055 [info ] [MainThread]:   oauth_client_id: None
[0m15:08:57.622293 [info ] [MainThread]:   query_tag: None
[0m15:08:57.622508 [info ] [MainThread]:   client_session_keep_alive: False
[0m15:08:57.622762 [info ] [MainThread]:   host: None
[0m15:08:57.623041 [info ] [MainThread]:   port: None
[0m15:08:57.623331 [info ] [MainThread]:   proxy_host: None
[0m15:08:57.623674 [info ] [MainThread]:   proxy_port: None
[0m15:08:57.623956 [info ] [MainThread]:   protocol: None
[0m15:08:57.624227 [info ] [MainThread]:   connect_retries: 1
[0m15:08:57.624475 [info ] [MainThread]:   connect_timeout: None
[0m15:08:57.624705 [info ] [MainThread]:   retry_on_database_errors: False
[0m15:08:57.624954 [info ] [MainThread]:   retry_all: False
[0m15:08:57.625197 [info ] [MainThread]:   insecure_mode: False
[0m15:08:57.625454 [info ] [MainThread]:   reuse_connections: None
[0m15:08:57.625851 [info ] [MainThread]: Registered adapter: snowflake=1.8.4
[0m15:08:57.754759 [debug] [MainThread]: Acquiring new snowflake connection 'debug'
[0m15:08:57.755223 [debug] [MainThread]: Using snowflake connection "debug"
[0m15:08:57.755384 [debug] [MainThread]: On debug: select 1 as id
[0m15:08:57.755521 [debug] [MainThread]: Opening a new connection, currently in state init
[0m15:09:00.638055 [debug] [MainThread]: Snowflake adapter: Error running SQL: select 1 as id
[0m15:09:00.638326 [debug] [MainThread]: Snowflake adapter: Rolling back transaction.
[0m15:09:00.638513 [debug] [MainThread]: On debug: No close available on handle
[0m15:09:00.638684 [info ] [MainThread]:   Connection test: [[31mERROR[0m]

[0m15:09:00.639014 [info ] [MainThread]: [31m3 checks failed:[0m
[0m15:09:00.639268 [info ] [MainThread]: Project loading failed for the following reason:
 project path <C:\Users\User\OneDrive\Документи\GitHub\r_d\dbt_project.yml> not found

[0m15:09:00.639511 [info ] [MainThread]: Error from git --help: Could not find command, ensure it is in the user's PATH and that the user has permissions to run it: "git"

[0m15:09:00.639773 [info ] [MainThread]: dbt was unable to connect to the specified database.
The database returned the following error:

  >Database Error
  250001 (08001): Failed to connect to DB: ERMPSJB-AE99620.snowflakecomputing.com:443. Incorrect username or password was specified.

Check your database credentials and try again. For more information, visit:
https://docs.getdbt.com/docs/configure-your-profile


[0m15:09:00.640279 [debug] [MainThread]: Command `dbt debug` failed at 15:09:00.640208 after 3.33 seconds
[0m15:09:00.640455 [debug] [MainThread]: Connection 'debug' was properly closed.
[0m15:09:00.640631 [debug] [MainThread]: Sending event: {'category': 'dbt', 'action': 'invocation', 'label': 'end', 'context': [<snowplow_tracker.self_describing_json.SelfDescribingJson object at 0x0000027CB56822C0>, <snowplow_tracker.self_describing_json.SelfDescribingJson object at 0x0000027CB5751010>, <snowplow_tracker.self_describing_json.SelfDescribingJson object at 0x0000027CB56ACAF0>]}
[0m15:09:00.640830 [debug] [MainThread]: Flushing usage events
[0m15:20:17.501314 [debug] [MainThread]: Sending event: {'category': 'dbt', 'action': 'invocation', 'label': 'start', 'context': [<snowplow_tracker.self_describing_json.SelfDescribingJson object at 0x000001BDA5ED5BE0>, <snowplow_tracker.self_describing_json.SelfDescribingJson object at 0x000001BDA8AACA50>, <snowplow_tracker.self_describing_json.SelfDescribingJson object at 0x000001BDA8AAC910>]}


============================== 15:20:17.503802 | 1a2bad34-d040-455f-944b-e7ecc62d3128 ==============================
[0m15:20:17.503802 [info ] [MainThread]: Running with dbt=1.8.9
[0m15:20:17.504278 [debug] [MainThread]: running dbt with arguments {'printer_width': '80', 'indirect_selection': 'eager', 'write_json': 'True', 'log_cache_events': 'False', 'partial_parse': 'True', 'cache_selected_only': 'False', 'profiles_dir': 'C:\\Users\\User\\.dbt', 'debug': 'False', 'warn_error': 'None', 'log_path': 'logs', 'fail_fast': 'False', 'version_check': 'True', 'use_colors': 'True', 'use_experimental_parser': 'False', 'no_print': 'None', 'quiet': 'False', 'empty': 'None', 'log_format': 'default', 'invocation_command': 'dbt debug', 'introspect': 'True', 'static_parser': 'True', 'target_path': 'None', 'warn_error_options': 'WarnErrorOptions(include=[], exclude=[])', 'send_anonymous_usage_stats': 'True'}
[0m15:20:17.511142 [info ] [MainThread]: dbt version: 1.8.9
[0m15:20:17.511439 [info ] [MainThread]: python version: 3.13.7
[0m15:20:17.511734 [info ] [MainThread]: python path: C:\Users\User\AppData\Local\Programs\Python\Python313\python.exe
[0m15:20:17.512005 [info ] [MainThread]: os info: Windows-11-10.0.26100-SP0
[0m15:20:17.712567 [info ] [MainThread]: Using profiles dir at C:\Users\User\.dbt
[0m15:20:17.713143 [info ] [MainThread]: Using profiles.yml file at C:\Users\User\.dbt\profiles.yml
[0m15:20:17.713480 [info ] [MainThread]: Using dbt_project.yml file at C:\Users\User\OneDrive\Документи\GitHub\r_d\dbt_project.yml
[0m15:20:17.713923 [info ] [MainThread]: adapter type: snowflake
[0m15:20:17.714137 [info ] [MainThread]: adapter version: 1.8.4
[0m15:20:17.714341 [info ] [MainThread]: Configuration:
[0m15:20:17.714514 [info ] [MainThread]:   profiles.yml file [[32mOK found and valid[0m]
[0m15:20:17.714773 [info ] [MainThread]:   dbt_project.yml file [[31mERROR not found[0m]
[0m15:20:17.715033 [info ] [MainThread]: Required dependencies:
[0m15:20:17.715280 [debug] [MainThread]: Executing "git --help"
[0m15:20:17.733194 [debug] [MainThread]: STDOUT: "b"usage: git [-v | --version] [-h | --help] [-C <path>] [-c <name>=<value>]\n           [--exec-path[=<path>]] [--html-path] [--man-path] [--info-path]\n           [-p | --paginate | -P | --no-pager] [--no-replace-objects] [--no-lazy-fetch]\n           [--no-optional-locks] [--no-advice] [--bare] [--git-dir=<path>]\n           [--work-tree=<path>] [--namespace=<name>] [--config-env=<name>=<envvar>]\n           <command> [<args>]\n\nThese are common Git commands used in various situations:\n\nstart a working area (see also: git help tutorial)\n   clone      Clone a repository into a new directory\n   init       Create an empty Git repository or reinitialize an existing one\n\nwork on the current change (see also: git help everyday)\n   add        Add file contents to the index\n   mv         Move or rename a file, a directory, or a symlink\n   restore    Restore working tree files\n   rm         Remove files from the working tree and from the index\n\nexamine the history and state (see also: git help revisions)\n   bisect     Use binary search to find the commit that introduced a bug\n   diff       Show changes between commits, commit and working tree, etc\n   grep       Print lines matching a pattern\n   log        Show commit logs\n   show       Show various types of objects\n   status     Show the working tree status\n\ngrow, mark and tweak your common history\n   backfill   Download missing objects in a partial clone\n   branch     List, create, or delete branches\n   commit     Record changes to the repository\n   merge      Join two or more development histories together\n   rebase     Reapply commits on top of another base tip\n   reset      Reset current HEAD to the specified state\n   switch     Switch branches\n   tag        Create, list, delete or verify a tag object signed with GPG\n\ncollaborate (see also: git help workflows)\n   fetch      Download objects and refs from another repository\n   pull       Fetch from and integrate with another repository or a local branch\n   push       Update remote refs along with associated objects\n\n'git help -a' and 'git help -g' list available subcommands and some\nconcept guides. See 'git help <command>' or 'git help <concept>'\nto read about a specific subcommand or concept.\nSee 'git help git' for an overview of the system.\n""
[0m15:20:17.733495 [debug] [MainThread]: STDERR: "b''"
[0m15:20:17.733720 [info ] [MainThread]:  - git [[32mOK found[0m]

[0m15:20:17.734003 [info ] [MainThread]: Connection:
[0m15:20:17.734265 [info ] [MainThread]:   account: ERMPSJB-AE99620
[0m15:20:17.734502 [info ] [MainThread]:   user: VLADYSLAVYASKOV
[0m15:20:17.734703 [info ] [MainThread]:   database: VYASKOV_HW3
[0m15:20:17.734935 [info ] [MainThread]:   warehouse: HW3_WH
[0m15:20:17.735154 [info ] [MainThread]:   role: SYSADMIN
[0m15:20:17.735378 [info ] [MainThread]:   schema: HW4
[0m15:20:17.735584 [info ] [MainThread]:   authenticator: None
[0m15:20:17.735766 [info ] [MainThread]:   oauth_client_id: None
[0m15:20:17.735946 [info ] [MainThread]:   query_tag: None
[0m15:20:17.736119 [info ] [MainThread]:   client_session_keep_alive: False
[0m15:20:17.736289 [info ] [MainThread]:   host: None
[0m15:20:17.736457 [info ] [MainThread]:   port: None
[0m15:20:17.736625 [info ] [MainThread]:   proxy_host: None
[0m15:20:17.736797 [info ] [MainThread]:   proxy_port: None
[0m15:20:17.736963 [info ] [MainThread]:   protocol: None
[0m15:20:17.737328 [info ] [MainThread]:   connect_retries: 1
[0m15:20:17.737571 [info ] [MainThread]:   connect_timeout: None
[0m15:20:17.737788 [info ] [MainThread]:   retry_on_database_errors: False
[0m15:20:17.738049 [info ] [MainThread]:   retry_all: False
[0m15:20:17.738307 [info ] [MainThread]:   insecure_mode: False
[0m15:20:17.738593 [info ] [MainThread]:   reuse_connections: None
[0m15:20:17.739096 [info ] [MainThread]: Registered adapter: snowflake=1.8.4
[0m15:20:17.882606 [debug] [MainThread]: Acquiring new snowflake connection 'debug'
[0m15:20:17.883077 [debug] [MainThread]: Using snowflake connection "debug"
[0m15:20:17.883248 [debug] [MainThread]: On debug: select 1 as id
[0m15:20:17.883390 [debug] [MainThread]: Opening a new connection, currently in state init
[0m15:20:20.438286 [debug] [MainThread]: Snowflake adapter: Error running SQL: select 1 as id
[0m15:20:20.438545 [debug] [MainThread]: Snowflake adapter: Rolling back transaction.
[0m15:20:20.438737 [debug] [MainThread]: On debug: No close available on handle
[0m15:20:20.438910 [info ] [MainThread]:   Connection test: [[31mERROR[0m]

[0m15:20:20.439362 [info ] [MainThread]: [31m2 checks failed:[0m
[0m15:20:20.439731 [info ] [MainThread]: Project loading failed for the following reason:
 project path <C:\Users\User\OneDrive\Документи\GitHub\r_d\dbt_project.yml> not found

[0m15:20:20.440082 [info ] [MainThread]: dbt was unable to connect to the specified database.
The database returned the following error:

  >Database Error
  250001 (08001): Failed to connect to DB: ERMPSJB-AE99620.snowflakecomputing.com:443. Incorrect username or password was specified.

Check your database credentials and try again. For more information, visit:
https://docs.getdbt.com/docs/configure-your-profile


[0m15:20:20.440624 [debug] [MainThread]: Command `dbt debug` failed at 15:20:20.440553 after 3.04 seconds
[0m15:20:20.440801 [debug] [MainThread]: Connection 'debug' was properly closed.
[0m15:20:20.440993 [debug] [MainThread]: Sending event: {'category': 'dbt', 'action': 'invocation', 'label': 'end', 'context': [<snowplow_tracker.self_describing_json.SelfDescribingJson object at 0x000001BDAAEE22C0>, <snowplow_tracker.self_describing_json.SelfDescribingJson object at 0x000001BDAAFB5010>, <snowplow_tracker.self_describing_json.SelfDescribingJson object at 0x000001BDAAF0CAF0>]}
[0m15:20:20.441190 [debug] [MainThread]: Flushing usage events
